// Jest Snapshot v1, https://goo.gl/fbAQLP

exports[`RecipeDetail Component render tests renders correctly 1`] = `
<div
  className="MuiPaper-root-2 MuiPaper-elevation1-5 MuiPaper-rounded-3 MuiCard-root-1 recipe-detail"
>
  <h1
    className="MuiTypography-root-29 MuiTypography-display1-33 MuiTypography-gutterBottom-56"
  >
    <div
      className="MuiGrid-container-65 detail-title"
    >
      <span
        className="MuiGrid-item-66 MuiGrid-grid-xs-12-105 MuiGrid-grid-md-3-124 detail-content-title"
      >
        test recipe
      </span>
      <span
        className="MuiGrid-item-66 MuiGrid-grid-xs-12-105 MuiGrid-grid-md-1-122"
      >
        <button
          className="MuiButtonBase-root-188 MuiButton-root-162 MuiButton-contained-173 MuiButton-containedPrimary-174 MuiButton-raised-176 MuiButton-raisedPrimary-177 action-toggle"
          disabled={false}
          onBlur={[Function]}
          onClick={[Function]}
          onContextMenu={[Function]}
          onFocus={[Function]}
          onKeyDown={[Function]}
          onKeyUp={[Function]}
          onMouseDown={[Function]}
          onMouseLeave={[Function]}
          onMouseUp={[Function]}
          onTouchEnd={[Function]}
          onTouchMove={[Function]}
          onTouchStart={[Function]}
          tabIndex="0"
          type="button"
        >
          <span
            className="MuiButton-label-163"
          >
            <svg
              fill="currentColor"
              height="1em"
              stroke="currentColor"
              strokeWidth="0"
              style={
                Object {
                  "color": undefined,
                }
              }
              viewBox="0 0 512 512"
              width="1em"
              xmlns="http://www.w3.org/2000/svg"
            >
              <path
                d="M497.9 142.1l-46.1 46.1c-4.7 4.7-12.3 4.7-17 0l-111-111c-4.7-4.7-4.7-12.3 0-17l46.1-46.1c18.7-18.7 49.1-18.7 67.9 0l60.1 60.1c18.8 18.7 18.8 49.1 0 67.9zM284.2 99.8L21.6 362.4.4 483.9c-2.9 16.4 11.4 30.6 27.8 27.8l121.5-21.3 262.6-262.6c4.7-4.7 4.7-12.3 0-17l-111-111c-4.8-4.7-12.4-4.7-17.1 0zM124.1 339.9c-5.5-5.5-5.5-14.3 0-19.8l154-154c5.5-5.5 14.3-5.5 19.8 0s5.5 14.3 0 19.8l-154 154c-5.5 5.5-14.3 5.5-19.8 0zM88 424h48v36.3l-64.5 11.3-31.1-31.1L51.7 376H88v48z"
              />
            </svg>
          </span>
          <span
            className="MuiTouchRipple-root-241"
          />
        </button>
      </span>
    </div>
  </h1>
  <div
    className="detail-ingredients"
  >
    <h2
      className="MuiTypography-root-29 MuiTypography-title-35 MuiTypography-gutterBottom-56"
    >
      Ingredients
    </h2>
    <ul
      className="MuiList-root-191 MuiList-padding-192"
    >
      <li>
        <span
          className="MuiTypography-root-29 MuiTypography-body1-38"
        >
          <div
            className="MuiGrid-container-65"
          >
            <span
              className="MuiGrid-item-66 MuiGrid-grid-xs-12-105 MuiGrid-grid-sm-6-113 MuiGrid-grid-md-4-125 MuiGrid-grid-lg-5-140 detail-content"
            >
              apple
            </span>
            <span
              className="MuiGrid-item-66 MuiGrid-grid-xs-12-105 MuiGrid-grid-sm-6-113 MuiGrid-grid-md-3-124 MuiGrid-grid-lg-4-139 detail-content"
            />
            <span
              className="MuiGrid-item-66 MuiGrid-grid-xs-12-105 MuiGrid-grid-sm-6-113 MuiGrid-grid-md-2-123 MuiGrid-grid-lg-1-136 detail-content"
            >
              2
            </span>
            <span
              className="MuiGrid-item-66 MuiGrid-grid-xs-12-105 MuiGrid-grid-sm-6-113 MuiGrid-grid-md-2-123 MuiGrid-grid-lg-1-136 detail-content"
            >
              each
            </span>
            <span
              className="MuiGrid-item-66 MuiGrid-grid-xs-12-105 MuiGrid-grid-sm-6-113 MuiGrid-grid-md-1-122 MuiGrid-grid-lg-1-136"
            >
              <button
                className="MuiButtonBase-root-188 MuiButton-root-162 MuiButton-contained-173 MuiButton-containedPrimary-174 MuiButton-raised-176 MuiButton-raisedPrimary-177 action-remove"
                disabled={false}
                onBlur={[Function]}
                onClick={[Function]}
                onContextMenu={[Function]}
                onFocus={[Function]}
                onKeyDown={[Function]}
                onKeyUp={[Function]}
                onMouseDown={[Function]}
                onMouseLeave={[Function]}
                onMouseUp={[Function]}
                onTouchEnd={[Function]}
                onTouchMove={[Function]}
                onTouchStart={[Function]}
                tabIndex="0"
                type="button"
              >
                <span
                  className="MuiButton-label-163"
                >
                  <svg
                    fill="currentColor"
                    height="1em"
                    stroke="currentColor"
                    strokeWidth="0"
                    style={
                      Object {
                        "color": undefined,
                      }
                    }
                    viewBox="0 0 448 512"
                    width="1em"
                    xmlns="http://www.w3.org/2000/svg"
                  >
                    <path
                      d="M432 32H312l-9.4-18.7A24 24 0 0 0 281.1 0H166.8a23.72 23.72 0 0 0-21.4 13.3L136 32H16A16 16 0 0 0 0 48v32a16 16 0 0 0 16 16h416a16 16 0 0 0 16-16V48a16 16 0 0 0-16-16zM53.2 467a48 48 0 0 0 47.9 45h245.8a48 48 0 0 0 47.9-45L416 128H32z"
                    />
                  </svg>
                </span>
                <span
                  className="MuiTouchRipple-root-241"
                />
              </button>
            </span>
          </div>
        </span>
      </li>
      <li>
        <span
          className="MuiTypography-root-29 MuiTypography-body1-38"
        >
          <div
            className="MuiGrid-container-65"
          >
            <span
              className="MuiGrid-item-66 MuiGrid-grid-xs-12-105 MuiGrid-grid-sm-6-113 MuiGrid-grid-md-4-125 MuiGrid-grid-lg-5-140 detail-content"
            >
              orange
            </span>
            <span
              className="MuiGrid-item-66 MuiGrid-grid-xs-12-105 MuiGrid-grid-sm-6-113 MuiGrid-grid-md-3-124 MuiGrid-grid-lg-4-139 detail-content"
            />
            <span
              className="MuiGrid-item-66 MuiGrid-grid-xs-12-105 MuiGrid-grid-sm-6-113 MuiGrid-grid-md-2-123 MuiGrid-grid-lg-1-136 detail-content"
            >
              3
            </span>
            <span
              className="MuiGrid-item-66 MuiGrid-grid-xs-12-105 MuiGrid-grid-sm-6-113 MuiGrid-grid-md-2-123 MuiGrid-grid-lg-1-136 detail-content"
            >
              each
            </span>
            <span
              className="MuiGrid-item-66 MuiGrid-grid-xs-12-105 MuiGrid-grid-sm-6-113 MuiGrid-grid-md-1-122 MuiGrid-grid-lg-1-136"
            >
              <button
                className="MuiButtonBase-root-188 MuiButton-root-162 MuiButton-contained-173 MuiButton-containedPrimary-174 MuiButton-raised-176 MuiButton-raisedPrimary-177 action-remove"
                disabled={false}
                onBlur={[Function]}
                onClick={[Function]}
                onContextMenu={[Function]}
                onFocus={[Function]}
                onKeyDown={[Function]}
                onKeyUp={[Function]}
                onMouseDown={[Function]}
                onMouseLeave={[Function]}
                onMouseUp={[Function]}
                onTouchEnd={[Function]}
                onTouchMove={[Function]}
                onTouchStart={[Function]}
                tabIndex="0"
                type="button"
              >
                <span
                  className="MuiButton-label-163"
                >
                  <svg
                    fill="currentColor"
                    height="1em"
                    stroke="currentColor"
                    strokeWidth="0"
                    style={
                      Object {
                        "color": undefined,
                      }
                    }
                    viewBox="0 0 448 512"
                    width="1em"
                    xmlns="http://www.w3.org/2000/svg"
                  >
                    <path
                      d="M432 32H312l-9.4-18.7A24 24 0 0 0 281.1 0H166.8a23.72 23.72 0 0 0-21.4 13.3L136 32H16A16 16 0 0 0 0 48v32a16 16 0 0 0 16 16h416a16 16 0 0 0 16-16V48a16 16 0 0 0-16-16zM53.2 467a48 48 0 0 0 47.9 45h245.8a48 48 0 0 0 47.9-45L416 128H32z"
                    />
                  </svg>
                </span>
                <span
                  className="MuiTouchRipple-root-241"
                />
              </button>
            </span>
          </div>
        </span>
      </li>
    </ul>
    <button
      className="MuiButtonBase-root-188 MuiButton-root-162 MuiButton-contained-173 MuiButton-containedPrimary-174 MuiButton-raised-176 MuiButton-raisedPrimary-177 action-add"
      disabled={false}
      onBlur={[Function]}
      onClick={[Function]}
      onContextMenu={[Function]}
      onFocus={[Function]}
      onKeyDown={[Function]}
      onKeyUp={[Function]}
      onMouseDown={[Function]}
      onMouseLeave={[Function]}
      onMouseUp={[Function]}
      onTouchEnd={[Function]}
      onTouchMove={[Function]}
      onTouchStart={[Function]}
      tabIndex="0"
      type="button"
    >
      <span
        className="MuiButton-label-163"
      >
        Add Ingredient...
      </span>
      <span
        className="MuiTouchRipple-root-241"
      />
    </button>
  </div>
  <div
    className="detail-instructions"
  >
    <h2
      className="MuiTypography-root-29 MuiTypography-title-35 MuiTypography-gutterBottom-56 detail-subtitle"
    >
      Instructions
    </h2>
    <ol
      className="MuiList-root-191 MuiList-padding-192"
    >
      <li>
        <span
          className="MuiTypography-root-29 MuiTypography-body1-38"
        >
          <div
            className="MuiGrid-container-65"
          >
            <span
              className="MuiGrid-item-66 MuiGrid-grid-xs-12-105 MuiGrid-grid-sm-12-119 MuiGrid-grid-md-9-130 MuiGrid-grid-lg-10-145 detail-content"
            >
              eat the apples.
            </span>
            <span
              className="MuiGrid-item-66 MuiGrid-grid-xs-12-105 MuiGrid-grid-sm-6-113 MuiGrid-grid-md-2-123 MuiGrid-grid-lg-1-136"
            >
              <button
                className="MuiButtonBase-root-188 MuiButton-root-162 MuiButton-contained-173 MuiButton-containedPrimary-174 MuiButton-raised-176 MuiButton-raisedPrimary-177 action-toggle"
                disabled={false}
                onBlur={[Function]}
                onClick={[Function]}
                onContextMenu={[Function]}
                onFocus={[Function]}
                onKeyDown={[Function]}
                onKeyUp={[Function]}
                onMouseDown={[Function]}
                onMouseLeave={[Function]}
                onMouseUp={[Function]}
                onTouchEnd={[Function]}
                onTouchMove={[Function]}
                onTouchStart={[Function]}
                tabIndex="0"
                type="button"
              >
                <span
                  className="MuiButton-label-163"
                >
                  <svg
                    fill="currentColor"
                    height="1em"
                    stroke="currentColor"
                    strokeWidth="0"
                    style={
                      Object {
                        "color": undefined,
                      }
                    }
                    viewBox="0 0 512 512"
                    width="1em"
                    xmlns="http://www.w3.org/2000/svg"
                  >
                    <path
                      d="M497.9 142.1l-46.1 46.1c-4.7 4.7-12.3 4.7-17 0l-111-111c-4.7-4.7-4.7-12.3 0-17l46.1-46.1c18.7-18.7 49.1-18.7 67.9 0l60.1 60.1c18.8 18.7 18.8 49.1 0 67.9zM284.2 99.8L21.6 362.4.4 483.9c-2.9 16.4 11.4 30.6 27.8 27.8l121.5-21.3 262.6-262.6c4.7-4.7 4.7-12.3 0-17l-111-111c-4.8-4.7-12.4-4.7-17.1 0zM124.1 339.9c-5.5-5.5-5.5-14.3 0-19.8l154-154c5.5-5.5 14.3-5.5 19.8 0s5.5 14.3 0 19.8l-154 154c-5.5 5.5-14.3 5.5-19.8 0zM88 424h48v36.3l-64.5 11.3-31.1-31.1L51.7 376H88v48z"
                    />
                  </svg>
                </span>
                <span
                  className="MuiTouchRipple-root-241"
                />
              </button>
            </span>
            <span
              className="MuiGrid-item-66 MuiGrid-grid-xs-12-105 MuiGrid-grid-sm-6-113 MuiGrid-grid-md-1-122 MuiGrid-grid-lg-1-136"
            >
              <button
                className="MuiButtonBase-root-188 MuiButton-root-162 MuiButton-contained-173 MuiButton-containedPrimary-174 MuiButton-raised-176 MuiButton-raisedPrimary-177 action-remove"
                disabled={false}
                onBlur={[Function]}
                onClick={[Function]}
                onContextMenu={[Function]}
                onFocus={[Function]}
                onKeyDown={[Function]}
                onKeyUp={[Function]}
                onMouseDown={[Function]}
                onMouseLeave={[Function]}
                onMouseUp={[Function]}
                onTouchEnd={[Function]}
                onTouchMove={[Function]}
                onTouchStart={[Function]}
                tabIndex="0"
                type="button"
              >
                <span
                  className="MuiButton-label-163"
                >
                  <svg
                    fill="currentColor"
                    height="1em"
                    stroke="currentColor"
                    strokeWidth="0"
                    style={
                      Object {
                        "color": undefined,
                      }
                    }
                    viewBox="0 0 448 512"
                    width="1em"
                    xmlns="http://www.w3.org/2000/svg"
                  >
                    <path
                      d="M432 32H312l-9.4-18.7A24 24 0 0 0 281.1 0H166.8a23.72 23.72 0 0 0-21.4 13.3L136 32H16A16 16 0 0 0 0 48v32a16 16 0 0 0 16 16h416a16 16 0 0 0 16-16V48a16 16 0 0 0-16-16zM53.2 467a48 48 0 0 0 47.9 45h245.8a48 48 0 0 0 47.9-45L416 128H32z"
                    />
                  </svg>
                </span>
                <span
                  className="MuiTouchRipple-root-241"
                />
              </button>
            </span>
          </div>
        </span>
      </li>
      <li>
        <span
          className="MuiTypography-root-29 MuiTypography-body1-38"
        >
          <div
            className="MuiGrid-container-65"
          >
            <span
              className="MuiGrid-item-66 MuiGrid-grid-xs-12-105 MuiGrid-grid-sm-12-119 MuiGrid-grid-md-9-130 MuiGrid-grid-lg-10-145 detail-content"
            >
              eat the oranges.
            </span>
            <span
              className="MuiGrid-item-66 MuiGrid-grid-xs-12-105 MuiGrid-grid-sm-6-113 MuiGrid-grid-md-2-123 MuiGrid-grid-lg-1-136"
            >
              <button
                className="MuiButtonBase-root-188 MuiButton-root-162 MuiButton-contained-173 MuiButton-containedPrimary-174 MuiButton-raised-176 MuiButton-raisedPrimary-177 action-toggle"
                disabled={false}
                onBlur={[Function]}
                onClick={[Function]}
                onContextMenu={[Function]}
                onFocus={[Function]}
                onKeyDown={[Function]}
                onKeyUp={[Function]}
                onMouseDown={[Function]}
                onMouseLeave={[Function]}
                onMouseUp={[Function]}
                onTouchEnd={[Function]}
                onTouchMove={[Function]}
                onTouchStart={[Function]}
                tabIndex="0"
                type="button"
              >
                <span
                  className="MuiButton-label-163"
                >
                  <svg
                    fill="currentColor"
                    height="1em"
                    stroke="currentColor"
                    strokeWidth="0"
                    style={
                      Object {
                        "color": undefined,
                      }
                    }
                    viewBox="0 0 512 512"
                    width="1em"
                    xmlns="http://www.w3.org/2000/svg"
                  >
                    <path
                      d="M497.9 142.1l-46.1 46.1c-4.7 4.7-12.3 4.7-17 0l-111-111c-4.7-4.7-4.7-12.3 0-17l46.1-46.1c18.7-18.7 49.1-18.7 67.9 0l60.1 60.1c18.8 18.7 18.8 49.1 0 67.9zM284.2 99.8L21.6 362.4.4 483.9c-2.9 16.4 11.4 30.6 27.8 27.8l121.5-21.3 262.6-262.6c4.7-4.7 4.7-12.3 0-17l-111-111c-4.8-4.7-12.4-4.7-17.1 0zM124.1 339.9c-5.5-5.5-5.5-14.3 0-19.8l154-154c5.5-5.5 14.3-5.5 19.8 0s5.5 14.3 0 19.8l-154 154c-5.5 5.5-14.3 5.5-19.8 0zM88 424h48v36.3l-64.5 11.3-31.1-31.1L51.7 376H88v48z"
                    />
                  </svg>
                </span>
                <span
                  className="MuiTouchRipple-root-241"
                />
              </button>
            </span>
            <span
              className="MuiGrid-item-66 MuiGrid-grid-xs-12-105 MuiGrid-grid-sm-6-113 MuiGrid-grid-md-1-122 MuiGrid-grid-lg-1-136"
            >
              <button
                className="MuiButtonBase-root-188 MuiButton-root-162 MuiButton-contained-173 MuiButton-containedPrimary-174 MuiButton-raised-176 MuiButton-raisedPrimary-177 action-remove"
                disabled={false}
                onBlur={[Function]}
                onClick={[Function]}
                onContextMenu={[Function]}
                onFocus={[Function]}
                onKeyDown={[Function]}
                onKeyUp={[Function]}
                onMouseDown={[Function]}
                onMouseLeave={[Function]}
                onMouseUp={[Function]}
                onTouchEnd={[Function]}
                onTouchMove={[Function]}
                onTouchStart={[Function]}
                tabIndex="0"
                type="button"
              >
                <span
                  className="MuiButton-label-163"
                >
                  <svg
                    fill="currentColor"
                    height="1em"
                    stroke="currentColor"
                    strokeWidth="0"
                    style={
                      Object {
                        "color": undefined,
                      }
                    }
                    viewBox="0 0 448 512"
                    width="1em"
                    xmlns="http://www.w3.org/2000/svg"
                  >
                    <path
                      d="M432 32H312l-9.4-18.7A24 24 0 0 0 281.1 0H166.8a23.72 23.72 0 0 0-21.4 13.3L136 32H16A16 16 0 0 0 0 48v32a16 16 0 0 0 16 16h416a16 16 0 0 0 16-16V48a16 16 0 0 0-16-16zM53.2 467a48 48 0 0 0 47.9 45h245.8a48 48 0 0 0 47.9-45L416 128H32z"
                    />
                  </svg>
                </span>
                <span
                  className="MuiTouchRipple-root-241"
                />
              </button>
            </span>
          </div>
        </span>
      </li>
    </ol>
    <form
      className="instruction-add"
      onSubmit={[Function]}
    >
      <button
        className="MuiButtonBase-root-188 MuiButton-root-162 MuiButton-contained-173 MuiButton-containedPrimary-174 MuiButton-raised-176 MuiButton-raisedPrimary-177 action-add"
        disabled={false}
        onBlur={[Function]}
        onContextMenu={[Function]}
        onFocus={[Function]}
        onKeyDown={[Function]}
        onKeyUp={[Function]}
        onMouseDown={[Function]}
        onMouseLeave={[Function]}
        onMouseUp={[Function]}
        onTouchEnd={[Function]}
        onTouchMove={[Function]}
        onTouchStart={[Function]}
        tabIndex="0"
        type="submit"
      >
        <span
          className="MuiButton-label-163"
        >
          <svg
            fill="currentColor"
            height="1em"
            stroke="currentColor"
            strokeWidth="0"
            style={
              Object {
                "color": undefined,
              }
            }
            viewBox="0 0 448 512"
            width="1em"
            xmlns="http://www.w3.org/2000/svg"
          >
            <path
              d="M400 32H48C21.5 32 0 53.5 0 80v352c0 26.5 21.5 48 48 48h352c26.5 0 48-21.5 48-48V80c0-26.5-21.5-48-48-48zm-32 252c0 6.6-5.4 12-12 12h-92v92c0 6.6-5.4 12-12 12h-56c-6.6 0-12-5.4-12-12v-92H92c-6.6 0-12-5.4-12-12v-56c0-6.6 5.4-12 12-12h92v-92c0-6.6 5.4-12 12-12h56c6.6 0 12 5.4 12 12v92h92c6.6 0 12 5.4 12 12v56z"
            />
          </svg>
        </span>
        <span
          className="MuiTouchRipple-root-241"
        />
      </button>
      <div
        className="MuiInputBase-root-208 MuiInput-root-195 MuiInput-underline-199 input-new-instruction"
        onClick={[Function]}
        required={true}
      >
        <input
          className="MuiInputBase-input-218 MuiInput-input-203"
          name="newItemName"
          onBlur={[Function]}
          onChange={[Function]}
          onFocus={[Function]}
          placeholder="New instruction..."
          required={true}
          type="text"
          value=""
        />
      </div>
    </form>
  </div>
</div>
`;
